Archive member included to satisfy reference by file (symbol)

C:/Program Files (x86)/Arm GNU Toolchain arm-none-eabi/14.2/bin/../lib/gcc/arm-none-eabi/14.2.1/thumb/v7e-m+fp/hard\libgcc.a(_arm_muldf3.o)
                              _build/core/printf.c.o (__aeabi_dmul)
C:/Program Files (x86)/Arm GNU Toolchain arm-none-eabi/14.2/bin/../lib/gcc/arm-none-eabi/14.2.1/thumb/v7e-m+fp/hard\libgcc.a(_arm_addsubdf3.o)
                              _build/core/printf.c.o (__aeabi_dsub)
C:/Program Files (x86)/Arm GNU Toolchain arm-none-eabi/14.2/bin/../lib/gcc/arm-none-eabi/14.2.1/thumb/v7e-m+fp/hard\libgcc.a(_arm_cmpdf2.o)
                              _build/core/printf.c.o (__aeabi_dcmpeq)
C:/Program Files (x86)/Arm GNU Toolchain arm-none-eabi/14.2/bin/../lib/gcc/arm-none-eabi/14.2.1/thumb/v7e-m+fp/hard\libgcc.a(_arm_fixdfsi.o)
                              _build/core/printf.c.o (__aeabi_d2iz)
C:/Program Files (x86)/Arm GNU Toolchain arm-none-eabi/14.2/bin/../lib/gcc/arm-none-eabi/14.2.1/thumb/v7e-m+fp/hard\libgcc.a(_arm_fixunsdfsi.o)
                              _build/core/printf.c.o (__aeabi_d2uiz)
C:/Program Files (x86)/Arm GNU Toolchain arm-none-eabi/14.2/bin/../lib/gcc/arm-none-eabi/14.2.1/thumb/v7e-m+fp/hard\libgcc.a(_aeabi_uldivmod.o)
                              _build/core/printf.c.o (__aeabi_uldivmod)
C:/Program Files (x86)/Arm GNU Toolchain arm-none-eabi/14.2/bin/../lib/gcc/arm-none-eabi/14.2.1/thumb/v7e-m+fp/hard\libgcc.a(_udivmoddi4.o)
                              C:/Program Files (x86)/Arm GNU Toolchain arm-none-eabi/14.2/bin/../lib/gcc/arm-none-eabi/14.2.1/thumb/v7e-m+fp/hard\libgcc.a(_aeabi_uldivmod.o) (__udivmoddi4)
C:/Program Files (x86)/Arm GNU Toolchain arm-none-eabi/14.2/bin/../lib/gcc/arm-none-eabi/14.2.1/thumb/v7e-m+fp/hard\libgcc.a(_dvmd_tls.o)
                              C:/Program Files (x86)/Arm GNU Toolchain arm-none-eabi/14.2/bin/../lib/gcc/arm-none-eabi/14.2.1/thumb/v7e-m+fp/hard\libgcc.a(_aeabi_uldivmod.o) (__aeabi_ldiv0)
C:/Program Files (x86)/Arm GNU Toolchain arm-none-eabi/14.2/bin/../lib/gcc/arm-none-eabi/14.2.1/thumb/v7e-m+fp/hard\libg_nano.a(libc_a-exit.o)
                              C:/Program Files (x86)/Arm GNU Toolchain arm-none-eabi/14.2/bin/../lib/gcc/arm-none-eabi/14.2.1/thumb/v7e-m+fp/hard/crt0.o (exit)
C:/Program Files (x86)/Arm GNU Toolchain arm-none-eabi/14.2/bin/../lib/gcc/arm-none-eabi/14.2.1/thumb/v7e-m+fp/hard\libg_nano.a(libc_a-findfp.o)
                              C:/Program Files (x86)/Arm GNU Toolchain arm-none-eabi/14.2/bin/../lib/gcc/arm-none-eabi/14.2.1/thumb/v7e-m+fp/hard\libg_nano.a(libc_a-exit.o) (__stdio_exit_handler)
C:/Program Files (x86)/Arm GNU Toolchain arm-none-eabi/14.2/bin/../lib/gcc/arm-none-eabi/14.2.1/thumb/v7e-m+fp/hard\libg_nano.a(libc_a-fwalk.o)
                              C:/Program Files (x86)/Arm GNU Toolchain arm-none-eabi/14.2/bin/../lib/gcc/arm-none-eabi/14.2.1/thumb/v7e-m+fp/hard\libg_nano.a(libc_a-findfp.o) (_fwalk_sglue)
C:/Program Files (x86)/Arm GNU Toolchain arm-none-eabi/14.2/bin/../lib/gcc/arm-none-eabi/14.2.1/thumb/v7e-m+fp/hard\libg_nano.a(libc_a-stdio.o)
                              C:/Program Files (x86)/Arm GNU Toolchain arm-none-eabi/14.2/bin/../lib/gcc/arm-none-eabi/14.2.1/thumb/v7e-m+fp/hard\libg_nano.a(libc_a-findfp.o) (__sread)
C:/Program Files (x86)/Arm GNU Toolchain arm-none-eabi/14.2/bin/../lib/gcc/arm-none-eabi/14.2.1/thumb/v7e-m+fp/hard\libg_nano.a(libc_a-memset.o)
                              C:/Program Files (x86)/Arm GNU Toolchain arm-none-eabi/14.2/bin/../lib/gcc/arm-none-eabi/14.2.1/thumb/v7e-m+fp/hard/crt0.o (memset)
C:/Program Files (x86)/Arm GNU Toolchain arm-none-eabi/14.2/bin/../lib/gcc/arm-none-eabi/14.2.1/thumb/v7e-m+fp/hard\libg_nano.a(libc_a-closer.o)
                              C:/Program Files (x86)/Arm GNU Toolchain arm-none-eabi/14.2/bin/../lib/gcc/arm-none-eabi/14.2.1/thumb/v7e-m+fp/hard\libg_nano.a(libc_a-stdio.o) (_close_r)
C:/Program Files (x86)/Arm GNU Toolchain arm-none-eabi/14.2/bin/../lib/gcc/arm-none-eabi/14.2.1/thumb/v7e-m+fp/hard\libg_nano.a(libc_a-reent.o)
                              C:/Program Files (x86)/Arm GNU Toolchain arm-none-eabi/14.2/bin/../lib/gcc/arm-none-eabi/14.2.1/thumb/v7e-m+fp/hard\libg_nano.a(libc_a-closer.o) (errno)
C:/Program Files (x86)/Arm GNU Toolchain arm-none-eabi/14.2/bin/../lib/gcc/arm-none-eabi/14.2.1/thumb/v7e-m+fp/hard\libg_nano.a(libc_a-impure.o)
                              C:/Program Files (x86)/Arm GNU Toolchain arm-none-eabi/14.2/bin/../lib/gcc/arm-none-eabi/14.2.1/thumb/v7e-m+fp/hard\libg_nano.a(libc_a-reent.o) (_impure_ptr)
C:/Program Files (x86)/Arm GNU Toolchain arm-none-eabi/14.2/bin/../lib/gcc/arm-none-eabi/14.2.1/thumb/v7e-m+fp/hard\libg_nano.a(libc_a-lseekr.o)
                              C:/Program Files (x86)/Arm GNU Toolchain arm-none-eabi/14.2/bin/../lib/gcc/arm-none-eabi/14.2.1/thumb/v7e-m+fp/hard\libg_nano.a(libc_a-stdio.o) (_lseek_r)
[...]
Memory Configuration

Name             Origin             Length             Attributes
FLASH            0x00000000         0x00080000         xr
RAM_RETAINED     0x20000000         0x00002000         xrw
RAM_VOLATILE     0x20002000         0x0001e000         xrw
*default*        0x00000000         0xffffffff

Linker script and memory map

LOAD C:/Program Files (x86)/Arm GNU Toolchain arm-none-eabi/14.2/bin/../lib/gcc/arm-none-eabi/14.2.1/thumb/v7e-m+fp/hard/crti.o
LOAD C:/Program Files (x86)/Arm GNU Toolchain arm-none-eabi/14.2/bin/../lib/gcc/arm-none-eabi/14.2.1/thumb/v7e-m+fp/hard/crtbegin.o
LOAD C:/Program Files (x86)/Arm GNU Toolchain arm-none-eabi/14.2/bin/../lib/gcc/arm-none-eabi/14.2.1/thumb/v7e-m+fp/hard/crt0.o
                0x00002000                        RIOTEE_RAM_RETAINED_SIZE = 0x2000
LOAD _build/./src/main.c.o
LOAD _build/core/startup.c.o
LOAD _build/core/syscalls.c.o
LOAD _build/core/thresholds.c.o
LOAD _build/core/printf.c.o
LOAD _build/core/radio.c.o
LOAD _build/core/ble.c.o
LOAD _build/core/i2c.c.o
LOAD _build/core/max20361.c.o
LOAD _build/core/am1805.c.o
LOAD _build/core/timing.c.o
LOAD _build/core/gpio.c.o
LOAD _build/core/uart.c.o
LOAD _build/core/spic.c.o
LOAD _build/core/runtime.c.o
LOAD _build/core/nvm.c.o
LOAD _build/core/adc.c.o
LOAD _build/core/stella.c.o
LOAD _build/drivers/shtc3.c.o
LOAD _build/drivers/vm1010.c.o
LOAD _build/external/freertos/queue.c.o
LOAD _build/external/freertos/list.c.o
LOAD _build/external/freertos/tasks.c.o
LOAD _build/external/freertos/event_groups.c.o
LOAD _build/external/freertos/portable/GCC/ARM_CM4F/port.c.o
LOAD C:/Program Files (x86)/Arm GNU Toolchain arm-none-eabi/14.2/bin/../lib/gcc/arm-none-eabi/14.2.1/thumb/v7e-m+fp/hard\libstdc++_nano.a
LOAD C:/Program Files (x86)/Arm GNU Toolchain arm-none-eabi/14.2/bin/../lib/gcc/arm-none-eabi/14.2.1/thumb/v7e-m+fp/hard\libm.a
START GROUP
LOAD C:/Program Files (x86)/Arm GNU Toolchain arm-none-eabi/14.2/bin/../lib/gcc/arm-none-eabi/14.2.1/thumb/v7e-m+fp/hard\libgcc.a
LOAD C:/Program Files (x86)/Arm GNU Toolchain arm-none-eabi/14.2/bin/../lib/gcc/arm-none-eabi/14.2.1/thumb/v7e-m+fp/hard\libg_nano.a
LOAD C:/Program Files (x86)/Arm GNU Toolchain arm-none-eabi/14.2/bin/../lib/gcc/arm-none-eabi/14.2.1/thumb/v7e-m+fp/hard\libc_nano.a
END GROUP
START GROUP
LOAD C:/Program Files (x86)/Arm GNU Toolchain arm-none-eabi/14.2/bin/../lib/gcc/arm-none-eabi/14.2.1/thumb/v7e-m+fp/hard\libgcc.a
LOAD C:/Program Files (x86)/Arm GNU Toolchain arm-none-eabi/14.2/bin/../lib/gcc/arm-none-eabi/14.2.1/thumb/v7e-m+fp/hard\libc_nano.a
END GROUP
LOAD C:/Program Files (x86)/Arm GNU Toolchain arm-none-eabi/14.2/bin/../lib/gcc/arm-none-eabi/14.2.1/thumb/v7e-m+fp/hard/crtend.o
LOAD C:/Program Files (x86)/Arm GNU Toolchain arm-none-eabi/14.2/bin/../lib/gcc/arm-none-eabi/14.2.1/thumb/v7e-m+fp/hard/crtn.o
                0x00020000                        RAM_SIZE = 0x20000
                0x20000000                        RAM_ORIGIN = 0x20000000
                0x20000000                        RAM_RETAINED_ORIGIN = RAM_ORIGIN
                0x0001e000                        RAM_VOLATILE_SIZE = (RAM_SIZE - RIOTEE_RAM_RETAINED_SIZE)
                0x20002000                        RAM_VOLATILE_ORIGIN = (RAM_ORIGIN + RIOTEE_RAM_RETAINED_SIZE)

.text           0x00000000     0x43f0
 *(.isr_vector)
 .isr_vector    0x00000000      0x100 _build/core/startup.c.o
                0x00000000                vectors
 *(.text*)
 .text.deregister_tm_clones
                0x00000100       0x1c C:/Program Files (x86)/Arm GNU Toolchain arm-none-eabi/14.2/bin/../lib/gcc/arm-none-eabi/14.2.1/thumb/v7e-m+fp/hard/crtbegin.o
 .text.register_tm_clones
                0x0000011c       0x24 C:/Program Files (x86)/Arm GNU Toolchain arm-none-eabi/14.2/bin/../lib/gcc/arm-none-eabi/14.2.1/thumb/v7e-m+fp/hard/crtbegin.o
 .text.__do_global_dtors_aux
                0x00000140       0x28 C:/Program Files (x86)/Arm GNU Toolchain arm-none-eabi/14.2/bin/../lib/gcc/arm-none-eabi/14.2.1/thumb/v7e-m+fp/hard/crtbegin.o
 .text.frame_dummy
                0x00000168       0x24 C:/Program Files (x86)/Arm GNU Toolchain arm-none-eabi/14.2/bin/../lib/gcc/arm-none-eabi/14.2.1/thumb/v7e-m+fp/hard/crtbegin.o
 .text.lateinit
                0x0000018c       0x24 _build/./src/main.c.o
                0x0000018c                lateinit
 .text.suspend  0x000001b0       0x24 _build/./src/main.c.o
                0x000001b0                suspend
 .text.resume   0x000001d4       0x14 _build/./src/main.c.o
                0x000001d4                resume
 .text.bootstrap
                0x000001e8        0xc _build/./src/main.c.o
                0x000001e8                bootstrap
 .text.startup.main
                0x000001f4       0x38 _build/./src/main.c.o
                0x000001f4                main
 .text.Default_Handler
                0x0000022c        0x8 _build/core/startup.c.o
                0x0000022c                DebugMon_Handler
                0x0000022c                SWI0_EGU0_IRQHandler
                0x0000022c                HardFault_Handler
                0x0000022c                SWI2_EGU2_IRQHandler
                0x0000022c                PWM1_IRQHandler
                0x0000022c                NMI_Handler
                0x0000022c                POWER_CLOCK_IRQHandler
                0x0000022c                PDM_IRQHandler
                0x0000022c                TEMP_IRQHandler
                0x0000022c                QDEC_IRQHandler
                0x0000022c                TIMER3_IRQHandler
                0x0000022c                PWM3_IRQHandler
                0x0000022c                FPU_IRQHandler
                0x0000022c                USBD_IRQHandler
                0x0000022c                UsageFault_Handler
                0x0000022c                UARTE0_UART0_IRQHandler
                0x0000022c                CRYPTOCELL_IRQHandler
                0x0000022c                I2S_IRQHandler
                0x0000022c                SWI4_EGU4_IRQHandler
                0x0000022c                TIMER0_IRQHandler
                0x0000022c                UARTE1_IRQHandler
                0x0000022c                TIMER1_IRQHandler
                0x0000022c                PWM2_IRQHandler
                0x0000022c                ECB_IRQHandler
                0x0000022c                Default_Handler
                0x0000022c                MemManage_Handler
                0x0000022c                CCM_AAR_IRQHandler
                0x0000022c                WDT_IRQHandler
                0x0000022c                SWI5_EGU5_IRQHandler
                0x0000022c                RNG_IRQHandler
                0x0000022c                RTC2_IRQHandler
                0x0000022c                PWM0_IRQHandler
                0x0000022c                SWI3_EGU3_IRQHandler
                0x0000022c                RTC1_IRQHandler
                0x0000022c                SWI1_EGU1_IRQHandler
                0x0000022c                SPIM2_SPIS2_SPI2_IRQHandler
                0x0000022c                NFCT_IRQHandler
                0x0000022c                BusFault_Handler
                0x0000022c                MWU_IRQHandler
                0x0000022c                QSPI_IRQHandler
                0x0000022c                COMP_LPCOMP_IRQHandler
 .text.earlyinit
                0x00000234        0x4 _build/core/startup.c.o
                0x00000234                earlyinit
 .text.c_startup
                0x00000238      0x260 _build/core/startup.c.o
                0x00000238                c_startup
 .text.riotee_thresholds_low_set
                0x00000498       0x70 _build/core/thresholds.c.o
                0x00000498                riotee_thresholds_low_set
 .text.riotee_thresholds_high_set
                0x00000508       0xe0 _build/core/thresholds.c.o
                0x00000508                riotee_thresholds_high_set
 .text._out_null
                0x000005e8        0x4 _build/core/printf.c.o
 .text._ntoa_format
                0x000005ec      0x388 _build/core/printf.c.o
 .text._out_char
                0x00000974        0x8 _build/core/printf.c.o
 *fill*         0x0000097c        0x4 
 .text._vsnprintf
                0x00000980      0xdb4 _build/core/printf.c.o
 .text.printf_  0x00001734       0x2c _build/core/printf.c.o
                0x00001734                printf_
 .text.radio_stop
                0x00001760       0x14 _build/core/radio.c.o
                0x00001760                radio_stop
 .text.radio_cb_unregister
                0x00001774       0xa4 _build/core/radio.c.o
                0x00001774                radio_cb_unregister
 .text.RADIO_IRQHandler
                0x00001818       0xcc _build/core/radio.c.o
                0x00001818                RADIO_IRQHandler
 .text.SPIM1_SPIS1_TWIM1_TWIS1_SPI1_TWI1_IRQHandler
                0x000018e4       0x94 _build/core/i2c.c.o
                0x000018e4                SPIM1_SPIS1_TWIM1_TWIS1_SPI1_TWI1_IRQHandler
 .text.riotee_i2c_init
                0x00001978       0x5c _build/core/i2c.c.o
                0x00001978                riotee_i2c_init
 .text.riotee_i2c_write_atomic
                0x000019d4       0x7c _build/core/i2c.c.o
                0x000019d4                riotee_i2c_write_atomic
 .text.riotee_max20361_init
                0x00001a50       0x30 _build/core/max20361.c.o
                0x00001a50                riotee_max20361_init
 .text.riotee_delay_us
                0x00001a80       0x14 _build/core/timing.c.o
                0x00001a80                riotee_delay_us
 .text.RTC0_IRQHandler
                0x00001a94       0xc0 _build/core/timing.c.o
                0x00001a94                RTC0_IRQHandler
 .text.riotee_sleep_ms
                0x00001b54       0x88 _build/core/timing.c.o
                0x00001b54                riotee_sleep_ms
 .text.sys_setup_timer
                0x00001bdc       0x28 _build/core/timing.c.o
                0x00001bdc                sys_setup_timer
 .text.sys_cancel_timer
                0x00001c04       0x1c _build/core/timing.c.o
                0x00001c04                sys_cancel_timer
 .text.riotee_timing_init
                0x00001c20       0x44 _build/core/timing.c.o
                0x00001c20                riotee_timing_init
 .text.GPIOTE_IRQHandler
                0x00001c64       0x9c _build/core/gpio.c.o
                0x00001c64                GPIOTE_IRQHandler
 .text.gpint_register
                0x00001d00       0x70 _build/core/gpio.c.o
                0x00001d00                gpint_register
 .text.gpint_unregister
                0x00001d70       0x54 _build/core/gpio.c.o
                0x00001d70                gpint_unregister
 .text.riotee_gpio_init
                0x00001dc4       0x3c _build/core/gpio.c.o
                0x00001dc4                riotee_gpio_init
 .text.riotee_uart_init
                0x00001e00       0x3c _build/core/uart.c.o
                0x00001e00                riotee_uart_init
 .text._putchar
                0x00001e3c       0x3c _build/core/uart.c.o
                0x00001e3c                _putchar
 .text.SPIM3_IRQHandler
                0x00001e78       0x60 _build/core/spic.c.o
                0x00001e78                SPIM3_IRQHandler
 .text.user_task
                0x00001ed8        0x4 _build/core/runtime.c.o
                0x00001ed8                user_task
 .text.initialize_retained
                0x00001edc       0x74 _build/core/runtime.c.o
 .text.checkpoint_store
                0x00001f50       0xd0 _build/core/runtime.c.o
 .text.threshold_callback
                0x00002020       0x6c _build/core/runtime.c.o
 .text.sys_task
                0x0000208c      0x2bc _build/core/runtime.c.o
 .text.vPortSetupTimerInterrupt
                0x00002348        0x4 _build/core/runtime.c.o
                0x00002348                vPortSetupTimerInterrupt
 .text.vApplicationIdleHook
                0x0000234c        0x8 _build/core/runtime.c.o
                0x0000234c                vApplicationIdleHook
 .text.vApplicationGetIdleTaskMemory
                0x00002354       0x1c _build/core/runtime.c.o
                0x00002354                vApplicationGetIdleTaskMemory
 .text.vApplicationStackOverflowHook
                0x00002370       0x14 _build/core/runtime.c.o
                0x00002370                vApplicationStackOverflowHook
 .text.runtime_start
                0x00002384       0x8c _build/core/runtime.c.o
                0x00002384                runtime_start
 .text.begin    0x00002410       0xf4 _build/core/nvm.c.o
 .text.nvm_init
                0x00002504       0xac _build/core/nvm.c.o
                0x00002504                nvm_init
 .text.TIMER4_IRQHandler
                0x000025b0       0x30 _build/core/nvm.c.o
                0x000025b0                TIMER4_IRQHandler
 .text.SPIM0_SPIS0_TWIM0_TWIS0_SPI0_TWI0_IRQHandler
                0x000025e0       0x20 _build/core/nvm.c.o
                0x000025e0                SPIM0_SPIS0_TWIM0_TWIS0_SPI0_TWI0_IRQHandler
 .text.nvm_begin_read
                0x00002600        0x8 _build/core/nvm.c.o
                0x00002600                nvm_begin_read
 .text.nvm_begin_write
                0x00002608        0xc _build/core/nvm.c.o
                0x00002608                nvm_begin_write
 .text.nvm_end  0x00002614       0x54 _build/core/nvm.c.o
                0x00002614                nvm_end
 .text.nvm_write
                0x00002668       0x6c _build/core/nvm.c.o
                0x00002668                nvm_write
 .text.nvm_read
                0x000026d4       0x6c _build/core/nvm.c.o
                0x000026d4                nvm_read
 .text.SAADC_IRQHandler
                0x00002740       0xa4 _build/core/adc.c.o
                0x00002740                SAADC_IRQHandler
 .text.TIMER2_IRQHandler
                0x000027e4       0x68 _build/core/stella.c.o
                0x000027e4                TIMER2_IRQHandler
 .text.vListInitialise
                0x0000284c       0x18 _build/external/freertos/list.c.o
                0x0000284c                vListInitialise
 .text.vListInitialiseItem
                0x00002864        0x8 _build/external/freertos/list.c.o
                0x00002864                vListInitialiseItem
 .text.vListInsertEnd
                0x0000286c       0x1c _build/external/freertos/list.c.o
                0x0000286c                vListInsertEnd
 .text.vListInsert
                0x00002888       0x30 _build/external/freertos/list.c.o
                0x00002888                vListInsert
 .text.uxListRemove
                0x000028b8       0x28 _build/external/freertos/list.c.o
                0x000028b8                uxListRemove
 .text.prvAddCurrentTaskToDelayedList
                0x000028e0       0xb8 _build/external/freertos/tasks.c.o
 .text.vTaskSwitchContext.part.0
                0x00002998       0xc0 _build/external/freertos/tasks.c.o
 .text.prvIdleTask
                0x00002a58       0x60 _build/external/freertos/tasks.c.o
 .text.xTaskIncrementTick.part.0
                0x00002ab8      0x15c _build/external/freertos/tasks.c.o
 .text.xTaskCreateStatic
                0x00002c14      0x220 _build/external/freertos/tasks.c.o
                0x00002c14                xTaskCreateStatic
 .text.vTaskSuspend
                0x00002e34       0xf0 _build/external/freertos/tasks.c.o
                0x00002e34                vTaskSuspend
 .text.vTaskResume
                0x00002f24       0xb4 _build/external/freertos/tasks.c.o
                0x00002f24                vTaskResume
 .text.vTaskStartScheduler
                0x00002fd8       0x90 _build/external/freertos/tasks.c.o
                0x00002fd8                vTaskStartScheduler
 .text.xTaskResumeAll
                0x00003068      0x19c _build/external/freertos/tasks.c.o
                0x00003068                xTaskResumeAll
 .text.xTaskIncrementTick
                0x00003204       0x20 _build/external/freertos/tasks.c.o
                0x00003204                xTaskIncrementTick
 .text.vTaskSwitchContext
                0x00003224       0x1c _build/external/freertos/tasks.c.o
                0x00003224                vTaskSwitchContext
 .text.xTaskGetCurrentTaskHandle
                0x00003240        0xc _build/external/freertos/tasks.c.o
                0x00003240                xTaskGetCurrentTaskHandle
 .text.xTaskGenericNotifyWait
                0x0000324c       0xd4 _build/external/freertos/tasks.c.o
                0x0000324c                xTaskGenericNotifyWait
 .text.xTaskGenericNotify
                0x00003320       0xf8 _build/external/freertos/tasks.c.o
                0x00003320                xTaskGenericNotify
 .text.xTaskGenericNotifyFromISR
                0x00003418      0x124 _build/external/freertos/tasks.c.o
                0x00003418                xTaskGenericNotifyFromISR
 .text.xTaskGenericNotifyStateClear
                0x0000353c       0x34 _build/external/freertos/tasks.c.o
                0x0000353c                xTaskGenericNotifyStateClear
 .text.ulTaskGenericNotifyValueClear
                0x00003570       0x30 _build/external/freertos/tasks.c.o
                0x00003570                ulTaskGenericNotifyValueClear
 .text.prvTaskExitError
                0x000035a0       0x20 _build/external/freertos/portable/GCC/ARM_CM4F/port.c.o
 .text.prvPortStartFirstTask
                0x000035c0       0x28 _build/external/freertos/portable/GCC/ARM_CM4F/port.c.o
 .text.vPortEnableVFP
                0x000035e8       0x14 _build/external/freertos/portable/GCC/ARM_CM4F/port.c.o
 .text.pxPortInitialiseStack
                0x000035fc       0x28 _build/external/freertos/portable/GCC/ARM_CM4F/port.c.o
                0x000035fc                pxPortInitialiseStack
 .text.SVC_Handler
                0x00003624       0x20 _build/external/freertos/portable/GCC/ARM_CM4F/port.c.o
                0x00003624                SVC_Handler
 .text.vPortEnterCritical
                0x00003644       0x20 _build/external/freertos/portable/GCC/ARM_CM4F/port.c.o
                0x00003644                vPortEnterCritical
 .text.vPortExitCritical
                0x00003664       0x14 _build/external/freertos/portable/GCC/ARM_CM4F/port.c.o
                0x00003664                vPortExitCritical
 .text.PendSV_Handler
                0x00003678       0x60 _build/external/freertos/portable/GCC/ARM_CM4F/port.c.o
                0x00003678                PendSV_Handler
 .text.SysTick_Handler
                0x000036d8       0x2c _build/external/freertos/portable/GCC/ARM_CM4F/port.c.o
                0x000036d8                SysTick_Handler
 .text.xPortStartScheduler
                0x00003704       0x68 _build/external/freertos/portable/GCC/ARM_CM4F/port.c.o
                0x00003704                xPortStartScheduler
 .text          0x0000376c      0x254 C:/Program Files (x86)/Arm GNU Toolchain arm-none-eabi/14.2/bin/../lib/gcc/arm-none-eabi/14.2.1/thumb/v7e-m+fp/hard\libgcc.a(_arm_muldf3.o)
                0x0000376c                __muldf3
                0x0000376c                __aeabi_dmul
 .text          0x000039c0      0x378 C:/Program Files (x86)/Arm GNU Toolchain arm-none-eabi/14.2/bin/../lib/gcc/arm-none-eabi/14.2.1/thumb/v7e-m+fp/hard\libgcc.a(_arm_addsubdf3.o)
                0x000039c0                __aeabi_drsub
                0x000039c8                __aeabi_dsub
                0x000039c8                __subdf3
                0x000039cc                __aeabi_dadd
                0x000039cc                __adddf3
                0x00003c44                __floatunsidf
                0x00003c44                __aeabi_ui2d
                0x00003c64                __floatsidf
                0x00003c64                __aeabi_i2d
                0x00003c88                __aeabi_f2d
                0x00003c88                __extendsfdf2
                0x00003ccc                __floatundidf
                0x00003ccc                __aeabi_ul2d
                0x00003cdc                __floatdidf
                0x00003cdc                __aeabi_l2d
 .text          0x00003d38      0x110 C:/Program Files (x86)/Arm GNU Toolchain arm-none-eabi/14.2/bin/../lib/gcc/arm-none-eabi/14.2.1/thumb/v7e-m+fp/hard\libgcc.a(_arm_cmpdf2.o)
                0x00003d38                __gtdf2
                0x00003d38                __gedf2
                0x00003d40                __ltdf2
                0x00003d40                __ledf2
                0x00003d48                __nedf2
                0x00003d48                __eqdf2
                0x00003d48                __cmpdf2
                0x00003dc4                __aeabi_cdrcmple
                0x00003dd4                __aeabi_cdcmpeq
                0x00003dd4                __aeabi_cdcmple
                0x00003de4                __aeabi_dcmpeq
                0x00003df8                __aeabi_dcmplt
                0x00003e0c                __aeabi_dcmple
                0x00003e20                __aeabi_dcmpge
                0x00003e34                __aeabi_dcmpgt
 .text          0x00003e48       0x50 C:/Program Files (x86)/Arm GNU Toolchain arm-none-eabi/14.2/bin/../lib/gcc/arm-none-eabi/14.2.1/thumb/v7e-m+fp/hard\libgcc.a(_arm_fixdfsi.o)
                0x00003e48                __aeabi_d2iz
                0x00003e48                __fixdfsi
 .text          0x00003e98       0x40 C:/Program Files (x86)/Arm GNU Toolchain arm-none-eabi/14.2/bin/../lib/gcc/arm-none-eabi/14.2.1/thumb/v7e-m+fp/hard\libgcc.a(_arm_fixunsdfsi.o)
                0x00003e98                __aeabi_d2uiz
                0x00003e98                __fixunsdfsi
 .text          0x00003ed8       0x30 C:/Program Files (x86)/Arm GNU Toolchain arm-none-eabi/14.2/bin/../lib/gcc/arm-none-eabi/14.2.1/thumb/v7e-m+fp/hard\libgcc.a(_aeabi_uldivmod.o)
                0x00003ed8                __aeabi_uldivmod
 .text.__udivmoddi4
                0x00003f08      0x2f8 C:/Program Files (x86)/Arm GNU Toolchain arm-none-eabi/14.2/bin/../lib/gcc/arm-none-eabi/14.2.1/thumb/v7e-m+fp/hard\libgcc.a(_udivmoddi4.o)
                0x00003f08                __udivmoddi4
 .text          0x00004200        0x4 C:/Program Files (x86)/Arm GNU Toolchain arm-none-eabi/14.2/bin/../lib/gcc/arm-none-eabi/14.2.1/thumb/v7e-m+fp/hard\libgcc.a(_dvmd_tls.o)
                0x00004200                __aeabi_idiv0
                0x00004200                __aeabi_ldiv0
 .text.memset   0x00004204       0x10 C:/Program Files (x86)/Arm GNU Toolchain arm-none-eabi/14.2/bin/../lib/gcc/arm-none-eabi/14.2.1/thumb/v7e-m+fp/hard\libg_nano.a(libc_a-memset.o)
                0x00004204                memset
 .text.__libc_init_array
                0x00004214       0x48 C:/Program Files (x86)/Arm GNU Toolchain arm-none-eabi/14.2/bin/../lib/gcc/arm-none-eabi/14.2.1/thumb/v7e-m+fp/hard\libg_nano.a(libc_a-init.o)
                0x00004214                __libc_init_array
 .text.memcpy   0x0000425c       0x1c C:/Program Files (x86)/Arm GNU Toolchain arm-none-eabi/14.2/bin/../lib/gcc/arm-none-eabi/14.2.1/thumb/v7e-m+fp/hard\libg_nano.a(libc_a-memcpy-stub.o)
                0x0000425c                memcpy
 *(.init)
 .init          0x00004278        0x4 C:/Program Files (x86)/Arm GNU Toolchain arm-none-eabi/14.2/bin/../lib/gcc/arm-none-eabi/14.2.1/thumb/v7e-m+fp/hard/crti.o
                0x00004278                _init
 .init          0x0000427c        0x8 C:/Program Files (x86)/Arm GNU Toolchain arm-none-eabi/14.2/bin/../lib/gcc/arm-none-eabi/14.2.1/thumb/v7e-m+fp/hard/crtn.o
 *(.fini)
 .fini          0x00004284        0x4 C:/Program Files (x86)/Arm GNU Toolchain arm-none-eabi/14.2/bin/../lib/gcc/arm-none-eabi/14.2.1/thumb/v7e-m+fp/hard/crti.o
                0x00004284                _fini
 .fini          0x00004288        0x8 C:/Program Files (x86)/Arm GNU Toolchain arm-none-eabi/14.2/bin/../lib/gcc/arm-none-eabi/14.2.1/thumb/v7e-m+fp/hard/crtn.o
 *crtbegin.o(.ctors)
 *crtbegin?.o(.ctors)
 *(EXCLUDE_FILE(*crtend.o *crtend?.o) .ctors)
 *(SORT_BY_NAME(.ctors.*))
 *(.ctors)
 *crtbegin.o(.dtors)
 *crtbegin?.o(.dtors)
 *(EXCLUDE_FILE(*crtend.o *crtend?.o) .dtors)
 *(SORT_BY_NAME(.dtors.*))
 *(.dtors)
 *(.rodata*)
 .rodata.lateinit.str1.4
                0x00004290       0xe8 _build/./src/main.c.o
                                  0x8 (size before relaxing)
 .rodata.suspend.str1.4
                0x00004378       0x1a _build/./src/main.c.o
 .rodata.resume.str1.4
                0x00004378        0x9 _build/./src/main.c.o
 .rodata.bootstrap.str1.4
                0x00004378        0xc _build/./src/main.c.o
 .rodata.main.str1.4
                0x00004378       0x1f _build/./src/main.c.o
 .rodata.CSWTCH.14
                0x00004378        0x9 _build/core/thresholds.c.o
 *fill*         0x00004381        0x3 
 .rodata.CSWTCH.13
                0x00004384        0x9 _build/core/thresholds.c.o
 *fill*         0x0000438d        0x3 
 .rodata.pow10.0
                0x00004390       0x50 _build/core/printf.c.o
 .rodata.delay_machine_code.0
                0x000043e0        0x6 _build/core/timing.c.o
 .rodata.sys_task.str1.4
                0x000043e6       0x60 _build/core/runtime.c.o
 .rodata.vApplicationStackOverflowHook.str1.4
                0x000043e6       0x21 _build/core/runtime.c.o
 .rodata.runtime_start.str1.4
                0x000043e6        0x8 _build/core/runtime.c.o
 *fill*         0x000043e6        0x2 
 .rodata.uxTopUsedPriority
                0x000043e8        0x4 _build/external/freertos/tasks.c.o
 *(.eh_frame*)
 .eh_frame      0x000043ec        0x0 C:/Program Files (x86)/Arm GNU Toolchain arm-none-eabi/14.2/bin/../lib/gcc/arm-none-eabi/14.2.1/thumb/v7e-m+fp/hard/crtbegin.o
 .eh_frame      0x000043ec        0x4 C:/Program Files (x86)/Arm GNU Toolchain arm-none-eabi/14.2/bin/../lib/gcc/arm-none-eabi/14.2.1/thumb/v7e-m+fp/hard/crtend.o

.glue_7         0x000043f0        0x0
 .glue_7        0x000043f0        0x0 linker stubs

.glue_7t        0x000043f0        0x0
 .glue_7t       0x000043f0        0x0 linker stubs

.vfp11_veneer   0x000043f0        0x0
 .vfp11_veneer  0x000043f0        0x0 linker stubs

.v4_bx          0x000043f0        0x0
 .v4_bx         0x000043f0        0x0 linker stubs

.iplt           0x000043f0        0x0
 .iplt          0x000043f0        0x0 C:/Program Files (x86)/Arm GNU Toolchain arm-none-eabi/14.2/bin/../lib/gcc/arm-none-eabi/14.2.1/thumb/v7e-m+fp/hard/crtbegin.o

.ARM.extab
 *(.ARM.extab* .gnu.linkonce.armextab.*)
                0x000043f0                        __exidx_start = .

.ARM.exidx      0x000043f0        0x8
 *(.ARM.exidx* .gnu.linkonce.armexidx.*)
 .ARM.exidx.text.__udivmoddi4
                0x000043f0        0x8 C:/Program Files (x86)/Arm GNU Toolchain arm-none-eabi/14.2/bin/../lib/gcc/arm-none-eabi/14.2.1/thumb/v7e-m+fp/hard\libgcc.a(_udivmoddi4.o)
                0x000043f8                        __exidx_end = .

.rel.dyn        0x000043f8        0x0
 .rel.iplt      0x000043f8        0x0 C:/Program Files (x86)/Arm GNU Toolchain arm-none-eabi/14.2/bin/../lib/gcc/arm-none-eabi/14.2.1/thumb/v7e-m+fp/hard/crtbegin.o
                0x000043f8                        . = ALIGN (0x4)
                0x000043f8                        __etext = .

.data           0x20002000       0x10 load address 0x000043f8
                0x20002000                        . = ALIGN (0x4)
                0x20002000                        __data_start__ = .
 *(.volatile_data)
 *runtime.c.o(.data .data.*)
 .data.fresh_marker
                0x20002000        0x4 _build/core/runtime.c.o
                0x20002000                fresh_marker
 *tasks.c.o(.data .data.*)
 *port.c.o(.data .data.*)
 .data.uxCriticalNesting
                0x20002004        0x4 _build/external/freertos/portable/GCC/ARM_CM4F/port.c.o
 *radio.c.o(.data .data.*)
 *stella.c.o(.data .data.*)
 *shtc.c.o(.data .data.*)
 *spic.c.o(.data .data.*)
 *i2c.c.o(.data .data.*)
 *timing.c.o(.data .data.*)
 *adc.c.o(.data .data.*)
 *nvm.c.o(.data .data.*)
 *bma400.c.o(.data .data.*)
 *gpio.c.o(.data .data.*)
 *(vtable)
 *lib_a-impure.o(.data .data.*)
 *lib_a-__call_atexit.o(.data .data.*)
                0x20002008                        . = ALIGN (0x4)
 *(.igot.plt)
 .igot.plt      0x20002008        0x0 C:/Program Files (x86)/Arm GNU Toolchain arm-none-eabi/14.2/bin/../lib/gcc/arm-none-eabi/14.2.1/thumb/v7e-m+fp/hard/crtbegin.o
                0x20002008                        . = ALIGN (0x4)
                0x20002008                        PROVIDE (__preinit_array_start = .)
 *(.preinit_array)
                0x20002008                        PROVIDE (__preinit_array_end = .)
                0x20002008                        . = ALIGN (0x4)
                0x20002008                        PROVIDE (__init_array_start = .)
 *(SORT_BY_NAME(.init_array.*))
 *(.init_array)
 .init_array    0x20002008        0x4 C:/Program Files (x86)/Arm GNU Toolchain arm-none-eabi/14.2/bin/../lib/gcc/arm-none-eabi/14.2.1/thumb/v7e-m+fp/hard/crtbegin.o
                0x2000200c                        PROVIDE (__init_array_end = .)
                0x2000200c                        . = ALIGN (0x4)
                [!provide]                        PROVIDE (__fini_array_start = .)
 *(SORT_BY_NAME(.fini_array.*))
 *(.fini_array)
 .fini_array    0x2000200c        0x4 C:/Program Files (x86)/Arm GNU Toolchain arm-none-eabi/14.2/bin/../lib/gcc/arm-none-eabi/14.2.1/thumb/v7e-m+fp/hard/crtbegin.o
                [!provide]                        PROVIDE (__fini_array_end = .)
 *(.jcr*)
                0x20002010                        __data_end__ = .

.tm_clone_table
                0x20002010        0x0 load address 0x00004408
 .tm_clone_table
                0x20002010        0x0 C:/Program Files (x86)/Arm GNU Toolchain arm-none-eabi/14.2/bin/../lib/gcc/arm-none-eabi/14.2.1/thumb/v7e-m+fp/hard/crtbegin.o
 .tm_clone_table
                0x20002010        0x0 C:/Program Files (x86)/Arm GNU Toolchain arm-none-eabi/14.2/bin/../lib/gcc/arm-none-eabi/14.2.1/thumb/v7e-m+fp/hard/crtend.o

.data_retained  0x20000000        0x0 load address 0x00004408
                0x20000000                        . = ALIGN (0x4)
                0x20000000                        __data_retained_start__ = .
 *(.data)
 *(.data.*)
                0x20000000                        __data_retained_end__ = .

.bss            0x20002010      0x954
                0x20002010                        . = ALIGN (0x4)
                0x20002010                        __bss_start__ = .
 *(.volatile_bss)
 .volatile_bss  0x20002010        0x8 _build/core/timing.c.o
                0x20002010                n_reset
                0x20002014                overflow_counter
 *runtime.c.o(.bss .bss.*)
 .bss.usr_task_handle
                0x20002018        0x4 _build/core/runtime.c.o
                0x20002018                usr_task_handle
 .bss.sys_task_handle
                0x2000201c        0x4 _build/core/runtime.c.o
                0x2000201c                sys_task_handle
 .bss.uxSystemTaskStack
                0x20002020      0x400 _build/core/runtime.c.o
                0x20002020                uxSystemTaskStack
 .bss.xSystemTaskTCB
                0x20002420       0x68 _build/core/runtime.c.o
                0x20002420                xSystemTaskTCB
 .bss.uxIdleTaskStack
                0x20002488      0x200 _build/core/runtime.c.o
                0x20002488                uxIdleTaskStack
 .bss.xIdleTaskTCB
                0x20002688       0x68 _build/core/runtime.c.o
                0x20002688                xIdleTaskTCB
 .bss.usr_task_tcb
                0x200026f0       0x68 _build/core/runtime.c.o
                0x200026f0                usr_task_tcb
 *tasks.c.o(.bss .bss.*)
 .bss.uxSchedulerSuspended
                0x20002758        0x4 _build/external/freertos/tasks.c.o
 .bss.xIdleTaskHandles
                0x2000275c        0x4 _build/external/freertos/tasks.c.o
 .bss.xNextTaskUnblockTime
                0x20002760        0x4 _build/external/freertos/tasks.c.o
 .bss.uxTaskNumber
                0x20002764        0x4 _build/external/freertos/tasks.c.o
 .bss.xNumOfOverflows
                0x20002768        0x4 _build/external/freertos/tasks.c.o
 .bss.xYieldPendings
                0x2000276c        0x4 _build/external/freertos/tasks.c.o
 .bss.xPendedTicks
                0x20002770        0x4 _build/external/freertos/tasks.c.o
 .bss.xSchedulerRunning
                0x20002774        0x4 _build/external/freertos/tasks.c.o
 .bss.uxTopReadyPriority
                0x20002778        0x4 _build/external/freertos/tasks.c.o
 .bss.xTickCount
                0x2000277c        0x4 _build/external/freertos/tasks.c.o
 .bss.uxCurrentNumberOfTasks
                0x20002780        0x4 _build/external/freertos/tasks.c.o
 .bss.xSuspendedTaskList
                0x20002784       0x14 _build/external/freertos/tasks.c.o
 .bss.uxDeletedTasksWaitingCleanUp
                0x20002798        0x4 _build/external/freertos/tasks.c.o
 .bss.xTasksWaitingTermination
                0x2000279c       0x14 _build/external/freertos/tasks.c.o
 .bss.xPendingReadyList
                0x200027b0       0x14 _build/external/freertos/tasks.c.o
 .bss.pxOverflowDelayedTaskList
                0x200027c4        0x4 _build/external/freertos/tasks.c.o
 .bss.pxDelayedTaskList
                0x200027c8        0x4 _build/external/freertos/tasks.c.o
 .bss.xDelayedTaskList2
                0x200027cc       0x14 _build/external/freertos/tasks.c.o
 .bss.xDelayedTaskList1
                0x200027e0       0x14 _build/external/freertos/tasks.c.o
 .bss.pxReadyTasksLists
                0x200027f4       0x64 _build/external/freertos/tasks.c.o
 .bss.pxCurrentTCB
                0x20002858        0x4 _build/external/freertos/tasks.c.o
                0x20002858                pxCurrentTCB
 *port.c.o(.bss .bss.*)
 *radio.c.o(.bss .bss.*)
 .bss.cb_address
                0x2000285c        0x4 _build/core/radio.c.o
                0x2000285c                cb_address
 .bss.cb_crcerr
                0x20002860        0x4 _build/core/radio.c.o
                0x20002860                cb_crcerr
 .bss.cb_crcok  0x20002864        0x4 _build/core/radio.c.o
                0x20002864                cb_crcok
 .bss.cb_rxready
                0x20002868        0x4 _build/core/radio.c.o
                0x20002868                cb_rxready
 .bss.cb_txready
                0x2000286c        0x4 _build/core/radio.c.o
                0x2000286c                cb_txready
 .bss.cb_disabled
                0x20002870        0x4 _build/core/radio.c.o
                0x20002870                cb_disabled
 *stella.c.o(.bss .bss.*)
 *shtc.c.o(.bss .bss.*)
 *spic.c.o(.bss .bss.*)
 .bss.blocking_task
                0x20002874        0x4 _build/core/spic.c.o
 *i2c.c.o(.bss .bss.*)
 .bss.blocking_task
                0x20002878        0x4 _build/core/i2c.c.o
 *timing.c.o(.bss .bss.*)
 .bss.blocking_task
                0x2000287c        0x4 _build/core/timing.c.o
 *adc.c.o(.bss .bss.*)
 .bss.sample_interval_ticks32
                0x20002880        0x4 _build/core/adc.c.o
 .bss.samples_remaining
                0x20002884        0x4 _build/core/adc.c.o
 *nvm.c.o(.bss .bss.*)
 .bss._pin_cs   0x20002888        0x4 _build/core/nvm.c.o
 .bss.nvm_event
                0x2000288c        0x1 _build/core/nvm.c.o
 *bma400.c.o(.bss .bss.*)
 *gpio.c.o(.bss .bss.*)
 *fill*         0x2000288d        0x3 
 .bss.registry  0x20002890       0xa8 _build/core/gpio.c.o
 *crtbegin.o(.bss .bss.*)
 .bss.completed.1
                0x20002938        0x1 C:/Program Files (x86)/Arm GNU Toolchain arm-none-eabi/14.2/bin/../lib/gcc/arm-none-eabi/14.2.1/thumb/v7e-m+fp/hard/crtbegin.o
 *fill*         0x20002939        0x3 
 .bss.object.0  0x2000293c       0x18 C:/Program Files (x86)/Arm GNU Toolchain arm-none-eabi/14.2/bin/../lib/gcc/arm-none-eabi/14.2.1/thumb/v7e-m+fp/hard/crtbegin.o
 *lib_a-reent.o(.bss .bss.*)
 *lib_a-lock.o(.bss .bss.*)
                0x20002954                        . = ALIGN (0x4)
                0x20002954                        __teardown_start__ = .
 *(.teardown)
 .teardown      0x20002954        0x4 _build/core/i2c.c.o
                0x20002954                i2c_teardown_ptr
 .teardown      0x20002958        0x4 _build/core/spic.c.o
                0x20002958                spic_teardown_ptr
 .teardown      0x2000295c        0x4 _build/core/adc.c.o
                0x2000295c                adc_teardown_ptr
 .teardown      0x20002960        0x4 _build/core/stella.c.o
                0x20002960                stella_teardown_ptr
                0x20002964                        __teardown_end__ = .
                0x20002964                        __bss_end__ = .

.bss_retained   0x20000000      0x80c
                0x20000000                        . = ALIGN (0x4)
                0x20000000                        __bss_retained_start__ = .
 *(COMMON)
 *(.bss)
 *(.retained_bss)
 .retained_bss  0x20000000        0x8 _build/core/runtime.c.o
                0x20000000                runtime_stats
 *(.bss.*)
 .bss.counter   0x20000008        0x4 _build/./src/main.c.o
                0x2000000c                        __bss_retained_end__ = .
                0x2000000c                        . = ALIGN (0x4)
 *(.usr_task_mem)
 .usr_task_mem  0x2000000c      0x800 _build/core/runtime.c.o
                0x2000000c                usr_task_stack
OUTPUT(_build/build.elf elf32-littlearm)
LOAD linker stubs

.ARM.attributes
                0x00000000       0x30
 .ARM.attributes
                0x00000000       0x22 C:/Program Files (x86)/Arm GNU Toolchain arm-none-eabi/14.2/bin/../lib/gcc/arm-none-eabi/14.2.1/thumb/v7e-m+fp/hard/crti.o
 .ARM.attributes
                0x00000022       0x34 C:/Program Files (x86)/Arm GNU Toolchain arm-none-eabi/14.2/bin/../lib/gcc/arm-none-eabi/14.2.1/thumb/v7e-m+fp/hard/crtbegin.o
 .ARM.attributes
                0x00000056       0x34 _build/./src/main.c.o
 .ARM.attributes
                0x0000008a       0x34 _build/core/startup.c.o
 .ARM.attributes
                0x000000be       0x34 _build/core/thresholds.c.o
 .ARM.attributes
                0x000000f2       0x34 _build/core/printf.c.o
 .ARM.attributes
                0x00000126       0x34 _build/core/radio.c.o
 .ARM.attributes
                0x0000015a       0x34 _build/core/i2c.c.o
 .ARM.attributes
                0x0000018e       0x34 _build/core/max20361.c.o
 .ARM.attributes
                0x000001c2       0x34 _build/core/timing.c.o
 .ARM.attributes
                0x000001f6       0x34 _build/core/gpio.c.o
 .ARM.attributes
                0x0000022a       0x34 _build/core/uart.c.o
 .ARM.attributes
                0x0000025e       0x34 _build/core/spic.c.o
 .ARM.attributes
                0x00000292       0x34 _build/core/runtime.c.o
 .ARM.attributes
                0x000002c6       0x34 _build/core/nvm.c.o
 .ARM.attributes
                0x000002fa       0x34 _build/core/adc.c.o
 .ARM.attributes
                0x0000032e       0x34 _build/core/stella.c.o
 .ARM.attributes
                0x00000362       0x34 _build/external/freertos/list.c.o
 .ARM.attributes
                0x00000396       0x34 _build/external/freertos/tasks.c.o
 .ARM.attributes
                0x000003ca       0x34 _build/external/freertos/portable/GCC/ARM_CM4F/port.c.o
 .ARM.attributes
                0x000003fe       0x22 C:/Program Files (x86)/Arm GNU Toolchain arm-none-eabi/14.2/bin/../lib/gcc/arm-none-eabi/14.2.1/thumb/v7e-m+fp/hard\libgcc.a(_arm_muldf3.o)
 .ARM.attributes
                0x00000420       0x22 C:/Program Files (x86)/Arm GNU Toolchain arm-none-eabi/14.2/bin/../lib/gcc/arm-none-eabi/14.2.1/thumb/v7e-m+fp/hard\libgcc.a(_arm_addsubdf3.o)
 .ARM.attributes
                0x00000442       0x22 C:/Program Files (x86)/Arm GNU Toolchain arm-none-eabi/14.2/bin/../lib/gcc/arm-none-eabi/14.2.1/thumb/v7e-m+fp/hard\libgcc.a(_arm_cmpdf2.o)
 .ARM.attributes
                0x00000464       0x22 C:/Program Files (x86)/Arm GNU Toolchain arm-none-eabi/14.2/bin/../lib/gcc/arm-none-eabi/14.2.1/thumb/v7e-m+fp/hard\libgcc.a(_arm_fixdfsi.o)
 .ARM.attributes
                0x00000486       0x22 C:/Program Files (x86)/Arm GNU Toolchain arm-none-eabi/14.2/bin/../lib/gcc/arm-none-eabi/14.2.1/thumb/v7e-m+fp/hard\libgcc.a(_arm_fixunsdfsi.o)
 .ARM.attributes
                0x000004a8       0x22 C:/Program Files (x86)/Arm GNU Toolchain arm-none-eabi/14.2/bin/../lib/gcc/arm-none-eabi/14.2.1/thumb/v7e-m+fp/hard\libgcc.a(_aeabi_uldivmod.o)
 .ARM.attributes
                0x000004ca       0x34 C:/Program Files (x86)/Arm GNU Toolchain arm-none-eabi/14.2/bin/../lib/gcc/arm-none-eabi/14.2.1/thumb/v7e-m+fp/hard\libgcc.a(_udivmoddi4.o)
 .ARM.attributes
                0x000004fe       0x22 C:/Program Files (x86)/Arm GNU Toolchain arm-none-eabi/14.2/bin/../lib/gcc/arm-none-eabi/14.2.1/thumb/v7e-m+fp/hard\libgcc.a(_dvmd_tls.o)
 .ARM.attributes
                0x00000520       0x34 C:/Program Files (x86)/Arm GNU Toolchain arm-none-eabi/14.2/bin/../lib/gcc/arm-none-eabi/14.2.1/thumb/v7e-m+fp/hard\libg_nano.a(libc_a-memset.o)
 .ARM.attributes
                0x00000554       0x34 C:/Program Files (x86)/Arm GNU Toolchain arm-none-eabi/14.2/bin/../lib/gcc/arm-none-eabi/14.2.1/thumb/v7e-m+fp/hard\libg_nano.a(libc_a-init.o)
 .ARM.attributes
                0x00000588       0x34 C:/Program Files (x86)/Arm GNU Toolchain arm-none-eabi/14.2/bin/../lib/gcc/arm-none-eabi/14.2.1/thumb/v7e-m+fp/hard\libg_nano.a(libc_a-memcpy-stub.o)
 .ARM.attributes
                0x000005bc       0x34 C:/Program Files (x86)/Arm GNU Toolchain arm-none-eabi/14.2/bin/../lib/gcc/arm-none-eabi/14.2.1/thumb/v7e-m+fp/hard/crtend.o
 .ARM.attributes
                0x000005f0       0x22 C:/Program Files (x86)/Arm GNU Toolchain arm-none-eabi/14.2/bin/../lib/gcc/arm-none-eabi/14.2.1/thumb/v7e-m+fp/hard/crtn.o

.comment        0x00000000       0x45
 .comment       0x00000000       0x45 _build/./src/main.c.o
                                 0x46 (size before relaxing)
 .comment       0x00000045       0x46 _build/core/startup.c.o
 .comment       0x00000045       0x46 _build/core/thresholds.c.o
 .comment       0x00000045       0x46 _build/core/printf.c.o
 .comment       0x00000045       0x46 _build/core/radio.c.o
 .comment       0x00000045       0x46 _build/core/i2c.c.o
 .comment       0x00000045       0x46 _build/core/max20361.c.o
 .comment       0x00000045       0x46 _build/core/timing.c.o
 .comment       0x00000045       0x46 _build/core/gpio.c.o
 .comment       0x00000045       0x46 _build/core/uart.c.o
 .comment       0x00000045       0x46 _build/core/spic.c.o
 .comment       0x00000045       0x46 _build/core/runtime.c.o
 .comment       0x00000045       0x46 _build/core/nvm.c.o
 .comment       0x00000045       0x46 _build/core/adc.c.o
 .comment       0x00000045       0x46 _build/core/stella.c.o
 .comment       0x00000045       0x46 _build/external/freertos/list.c.o
 .comment       0x00000045       0x46 _build/external/freertos/tasks.c.o
 .comment       0x00000045       0x46 _build/external/freertos/portable/GCC/ARM_CM4F/port.c.o

.debug_info     0x00000000    0x127e8
 .debug_info    0x00000000      0x554 _build/./src/main.c.o
 .debug_info    0x00000554     0x1a83 _build/core/startup.c.o
 .debug_info    0x00001fd7      0x491 _build/core/thresholds.c.o
 .debug_info    0x00002468     0x186d _build/core/printf.c.o
 .debug_info    0x00003cd5     0x118a _build/core/radio.c.o
 .debug_info    0x00004e5f     0x12ce _build/core/i2c.c.o
 .debug_info    0x0000612d      0x267 _build/core/max20361.c.o
 .debug_info    0x00006394      0xf47 _build/core/timing.c.o
 .debug_info    0x000072db     0x1033 _build/core/gpio.c.o
 .debug_info    0x0000830e      0x70b _build/core/uart.c.o
 .debug_info    0x00008a19      0xd53 _build/core/spic.c.o
 .debug_info    0x0000976c     0x15d1 _build/core/runtime.c.o
 .debug_info    0x0000ad3d     0x151b _build/core/nvm.c.o
 .debug_info    0x0000c258     0x116f _build/core/adc.c.o
 .debug_info    0x0000d3c7     0x1f5a _build/core/stella.c.o
 .debug_info    0x0000f321      0x2b9 _build/external/freertos/list.c.o
 .debug_info    0x0000f5da     0x2e4c _build/external/freertos/tasks.c.o
 .debug_info    0x00012426      0x3c2 _build/external/freertos/portable/GCC/ARM_CM4F/port.c.o

.debug_abbrev   0x00000000     0x3819
 .debug_abbrev  0x00000000      0x228 _build/./src/main.c.o
 .debug_abbrev  0x00000228      0x361 _build/core/startup.c.o
 .debug_abbrev  0x00000589      0x223 _build/core/thresholds.c.o
 .debug_abbrev  0x000007ac      0x426 _build/core/printf.c.o
 .debug_abbrev  0x00000bd2      0x1f6 _build/core/radio.c.o
 .debug_abbrev  0x00000dc8      0x376 _build/core/i2c.c.o
 .debug_abbrev  0x0000113e      0x10b _build/core/max20361.c.o
 .debug_abbrev  0x00001249      0x357 _build/core/timing.c.o
 .debug_abbrev  0x000015a0      0x401 _build/core/gpio.c.o
 .debug_abbrev  0x000019a1      0x2a2 _build/core/uart.c.o
 .debug_abbrev  0x00001c43      0x2ad _build/core/spic.c.o
 .debug_abbrev  0x00001ef0      0x5d5 _build/core/runtime.c.o
 .debug_abbrev  0x000024c5      0x3a9 _build/core/nvm.c.o
 .debug_abbrev  0x0000286e      0x2bf _build/core/adc.c.o
 .debug_abbrev  0x00002b2d      0x44f _build/core/stella.c.o
 .debug_abbrev  0x00002f7c      0x116 _build/external/freertos/list.c.o
 .debug_abbrev  0x00003092      0x54c _build/external/freertos/tasks.c.o
 .debug_abbrev  0x000035de      0x23b _build/external/freertos/portable/GCC/ARM_CM4F/port.c.o

.debug_loclists
                0x00000000     0x6411
 .debug_loclists
                0x00000000       0x3c _build/./src/main.c.o
 .debug_loclists
                0x0000003c      0x4fa _build/core/startup.c.o
 .debug_loclists
                0x00000536      0x499 _build/core/thresholds.c.o
 .debug_loclists
                0x000009cf     0x2889 _build/core/printf.c.o
 .debug_loclists
                0x00003258      0x174 _build/core/radio.c.o
 .debug_loclists
                0x000033cc      0x275 _build/core/i2c.c.o
 .debug_loclists
                0x00003641       0x36 _build/core/max20361.c.o
 .debug_loclists
                0x00003677      0x215 _build/core/timing.c.o
 .debug_loclists
                0x0000388c      0x365 _build/core/gpio.c.o
 .debug_loclists
                0x00003bf1       0xe2 _build/core/uart.c.o
 .debug_loclists
                0x00003cd3       0xd9 _build/core/spic.c.o
 .debug_loclists
                0x00003dac      0x226 _build/core/runtime.c.o
 .debug_loclists
                0x00003fd2      0x365 _build/core/nvm.c.o
 .debug_loclists
                0x00004337       0xdd _build/core/adc.c.o
 .debug_loclists
                0x00004414      0x1ec _build/core/stella.c.o
 .debug_loclists
                0x00004600       0x6a _build/external/freertos/list.c.o
 .debug_loclists
                0x0000466a     0x1d2d _build/external/freertos/tasks.c.o
 .debug_loclists
                0x00006397       0x7a _build/external/freertos/portable/GCC/ARM_CM4F/port.c.o

.debug_aranges  0x00000000      0x708
 .debug_aranges
                0x00000000       0x40 _build/./src/main.c.o
 .debug_aranges
                0x00000040       0x30 _build/core/startup.c.o
 .debug_aranges
                0x00000070       0x28 _build/core/thresholds.c.o
 .debug_aranges
                0x00000098       0x78 _build/core/printf.c.o
 .debug_aranges
                0x00000110       0x48 _build/core/radio.c.o
 .debug_aranges
                0x00000158       0x58 _build/core/i2c.c.o
 .debug_aranges
                0x000001b0       0x28 _build/core/max20361.c.o
 .debug_aranges
                0x000001d8       0x60 _build/core/timing.c.o
 .debug_aranges
                0x00000238       0x48 _build/core/gpio.c.o
 .debug_aranges
                0x00000280       0x30 _build/core/uart.c.o
 .debug_aranges
                0x000002b0       0x40 _build/core/spic.c.o
 .debug_aranges
                0x000002f0       0x98 _build/core/runtime.c.o
 .debug_aranges
                0x00000388       0x60 _build/core/nvm.c.o
 .debug_aranges
                0x000003e8       0x48 _build/core/adc.c.o
 .debug_aranges
                0x00000430       0x88 _build/core/stella.c.o
 .debug_aranges
                0x000004b8       0x40 _build/external/freertos/list.c.o
 .debug_aranges
                0x000004f8      0x198 _build/external/freertos/tasks.c.o
 .debug_aranges
                0x00000690       0x78 _build/external/freertos/portable/GCC/ARM_CM4F/port.c.o

.debug_rnglists
                0x00000000      0xf39
 .debug_rnglists
                0x00000000       0x5e _build/./src/main.c.o
 .debug_rnglists
                0x0000005e       0x7f _build/core/startup.c.o
 .debug_rnglists
                0x000000dd       0x9a _build/core/thresholds.c.o
 .debug_rnglists
                0x00000177      0x350 _build/core/printf.c.o
 .debug_rnglists
                0x000004c7       0x34 _build/core/radio.c.o
 .debug_rnglists
                0x000004fb       0x73 _build/core/i2c.c.o
 .debug_rnglists
                0x0000056e       0x19 _build/core/max20361.c.o
 .debug_rnglists
                0x00000587       0x63 _build/core/timing.c.o
 .debug_rnglists
                0x000005ea       0xe3 _build/core/gpio.c.o
 .debug_rnglists
                0x000006cd       0x43 _build/core/uart.c.o
 .debug_rnglists
                0x00000710       0x2d _build/core/spic.c.o
 .debug_rnglists
                0x0000073d       0xa7 _build/core/runtime.c.o
 .debug_rnglists
                0x000007e4      0x105 _build/core/nvm.c.o
 .debug_rnglists
                0x000008e9       0x5d _build/core/adc.c.o
 .debug_rnglists
                0x00000946       0x8c _build/core/stella.c.o
 .debug_rnglists
                0x000009d2       0x2b _build/external/freertos/list.c.o
 .debug_rnglists
                0x000009fd      0x4db _build/external/freertos/tasks.c.o
 .debug_rnglists
                0x00000ed8       0x61 _build/external/freertos/portable/GCC/ARM_CM4F/port.c.o

.debug_macro    0x00000000    0x1ac2e
 .debug_macro   0x00000000      0x14b _build/./src/main.c.o
 .debug_macro   0x0000014b      0xae4 _build/./src/main.c.o
 .debug_macro   0x00000c2f       0x22 _build/./src/main.c.o
 .debug_macro   0x00000c51       0x42 _build/./src/main.c.o
 .debug_macro   0x00000c93       0x22 _build/./src/main.c.o
 .debug_macro   0x00000cb5       0x8e _build/./src/main.c.o
 .debug_macro   0x00000d43       0x51 _build/./src/main.c.o
 .debug_macro   0x00000d94      0x103 _build/./src/main.c.o
 .debug_macro   0x00000e97       0x6a _build/./src/main.c.o
 .debug_macro   0x00000f01      0x1df _build/./src/main.c.o
 .debug_macro   0x000010e0       0x1c _build/./src/main.c.o
 .debug_macro   0x000010fc       0x22 _build/./src/main.c.o
 .debug_macro   0x0000111e      0x107 _build/./src/main.c.o
 .debug_macro   0x00001225     0x1057 _build/./src/main.c.o
 .debug_macro   0x0000227c      0x11f _build/./src/main.c.o
 .debug_macro   0x0000239b      0x3e6 _build/./src/main.c.o
 .debug_macro   0x00002781    0x108f1 _build/./src/main.c.o
 .debug_macro   0x00013072       0xb8 _build/./src/main.c.o
 .debug_macro   0x0001312a     0x1331 _build/./src/main.c.o
 .debug_macro   0x0001445b       0x6a _build/./src/main.c.o
 .debug_macro   0x000144c5       0xde _build/./src/main.c.o
 .debug_macro   0x000145a3      0x190 _build/./src/main.c.o
 .debug_macro   0x00014733       0x1c _build/./src/main.c.o
 .debug_macro   0x0001474f       0x58 _build/./src/main.c.o
 .debug_macro   0x000147a7       0x22 _build/./src/main.c.o
 .debug_macro   0x000147c9       0x10 _build/./src/main.c.o
 .debug_macro   0x000147d9      0x36a _build/core/startup.c.o
 .debug_macro   0x00014b43       0x1c _build/core/startup.c.o
 .debug_macro   0x00014b5f      0x48c _build/core/startup.c.o
 .debug_macro   0x00014feb       0x22 _build/core/startup.c.o
 .debug_macro   0x0001500d       0x7b _build/core/startup.c.o
 .debug_macro   0x00015088       0x2a _build/core/startup.c.o
 .debug_macro   0x000150b2       0x3c _build/core/startup.c.o
 .debug_macro   0x000150ee       0x34 _build/core/startup.c.o
 .debug_macro   0x00015122      0x364 _build/core/startup.c.o
 .debug_macro   0x00015486       0x16 _build/core/startup.c.o
 .debug_macro   0x0001549c       0x4a _build/core/startup.c.o
 .debug_macro   0x000154e6       0x34 _build/core/startup.c.o
 .debug_macro   0x0001551a       0x10 _build/core/startup.c.o
 .debug_macro   0x0001552a       0x58 _build/core/startup.c.o
 .debug_macro   0x00015582      0x1e5 _build/core/startup.c.o
 .debug_macro   0x00015767       0x10 _build/core/startup.c.o
 .debug_macro   0x00015777       0x3c _build/core/startup.c.o
 .debug_macro   0x000157b3       0x7c _build/core/startup.c.o
 .debug_macro   0x0001582f       0x17 _build/core/startup.c.o
 .debug_macro   0x00015846      0x118 _build/core/startup.c.o
 .debug_macro   0x0001595e      0xa6a _build/core/startup.c.o
 .debug_macro   0x000163c8       0x6b _build/core/startup.c.o
 .debug_macro   0x00016433      0x44f _build/core/startup.c.o
 .debug_macro   0x00016882       0x76 _build/core/startup.c.o
 .debug_macro   0x000168f8       0x20 _build/core/startup.c.o
 .debug_macro   0x00016918      0x128 _build/core/startup.c.o
 .debug_macro   0x00016a40       0xf7 _build/core/startup.c.o
 .debug_macro   0x00016b37       0x2b _build/core/startup.c.o
 .debug_macro   0x00016b62       0x52 _build/core/startup.c.o
 .debug_macro   0x00016bb4       0x16 _build/core/startup.c.o
 .debug_macro   0x00016bca       0x7d _build/core/startup.c.o
 .debug_macro   0x00016c47       0x10 _build/core/startup.c.o
 .debug_macro   0x00016c57       0x16 _build/core/startup.c.o
 .debug_macro   0x00016c6d      0x196 _build/core/startup.c.o
 .debug_macro   0x00016e03       0x28 _build/core/startup.c.o
 .debug_macro   0x00016e2b      0x182 _build/core/startup.c.o
 .debug_macro   0x00016fad       0xcb _build/core/startup.c.o
 .debug_macro   0x00017078       0x2e _build/core/startup.c.o
 .debug_macro   0x000170a6       0x1f _build/core/startup.c.o
 .debug_macro   0x000170c5      0xfb5 _build/core/startup.c.o
 .debug_macro   0x0001807a       0xc3 _build/core/startup.c.o
 .debug_macro   0x0001813d      0x14f _build/core/startup.c.o
 .debug_macro   0x0001828c      0x2c6 _build/core/thresholds.c.o
 .debug_macro   0x00018552       0xe4 _build/core/thresholds.c.o
 .debug_macro   0x00018636       0xed _build/core/printf.c.o
 .debug_macro   0x00018723      0x1b4 _build/core/radio.c.o
 .debug_macro   0x000188d7      0x388 _build/core/i2c.c.o
 .debug_macro   0x00018c5f       0x16 _build/core/i2c.c.o
 .debug_macro   0x00018c75      0x11c _build/core/i2c.c.o
 .debug_macro   0x00018d91       0x9b _build/core/i2c.c.o
 .debug_macro   0x00018e2c       0x16 _build/core/i2c.c.o
 .debug_macro   0x00018e42       0x29 _build/core/i2c.c.o
 .debug_macro   0x00018e6b       0x16 _build/core/i2c.c.o
 .debug_macro   0x00018e81       0x10 _build/core/i2c.c.o
 .debug_macro   0x00018e91      0x214 _build/core/max20361.c.o
 .debug_macro   0x000190a5      0x336 _build/core/timing.c.o
 .debug_macro   0x000193db       0x1d _build/core/timing.c.o
 .debug_macro   0x000193f8      0x255 _build/core/gpio.c.o
 .debug_macro   0x0001964d      0x18d _build/core/uart.c.o
 .debug_macro   0x000197da      0x350 _build/core/spic.c.o
 .debug_macro   0x00019b2a      0x3ab _build/core/runtime.c.o
 .debug_macro   0x00019ed5      0x1d1 _build/core/nvm.c.o
 .debug_macro   0x0001a0a6      0x188 _build/core/adc.c.o
 .debug_macro   0x0001a22e      0x346 _build/core/stella.c.o
 .debug_macro   0x0001a574      0x18e _build/external/freertos/list.c.o
 .debug_macro   0x0001a702      0x2b4 _build/external/freertos/tasks.c.o
 .debug_macro   0x0001a9b6       0x98 _build/external/freertos/tasks.c.o
 .debug_macro   0x0001aa4e       0x16 _build/external/freertos/tasks.c.o
 .debug_macro   0x0001aa64      0x1ca _build/external/freertos/portable/GCC/ARM_CM4F/port.c.o

.debug_line     0x00000000     0xd753
 .debug_line    0x00000000      0x4bc _build/./src/main.c.o
 .debug_line    0x000004bc      0xd81 _build/core/startup.c.o
 .debug_line    0x0000123d      0x8f2 _build/core/thresholds.c.o
 .debug_line    0x00001b2f     0x180d _build/core/printf.c.o
 .debug_line    0x0000333c      0x779 _build/core/radio.c.o
 .debug_line    0x00003ab5      0xc72 _build/core/i2c.c.o
 .debug_line    0x00004727      0x407 _build/core/max20361.c.o
 .debug_line    0x00004b2e      0xb06 _build/core/timing.c.o
 .debug_line    0x00005634      0x9dd _build/core/gpio.c.o
 .debug_line    0x00006011      0x572 _build/core/uart.c.o
 .debug_line    0x00006583      0x9b2 _build/core/spic.c.o
 .debug_line    0x00006f35      0xd0d _build/core/runtime.c.o
 .debug_line    0x00007c42      0xb53 _build/core/nvm.c.o
 .debug_line    0x00008795      0x86e _build/core/adc.c.o
 .debug_line    0x00009003      0xc22 _build/core/stella.c.o
 .debug_line    0x00009c25      0x574 _build/external/freertos/list.c.o
 .debug_line    0x0000a199     0x3003 _build/external/freertos/tasks.c.o
 .debug_line    0x0000d19c      0x5b7 _build/external/freertos/portable/GCC/ARM_CM4F/port.c.o

.debug_str      0x00000000    0x9c962
 .debug_str     0x00000000    0x9c962 _build/./src/main.c.o
                              0x7a076 (size before relaxing)
 .debug_str     0x0009c962    0x97a18 _build/core/startup.c.o
 .debug_str     0x0009c962    0x8cbea _build/core/thresholds.c.o
 .debug_str     0x0009c962     0x46e3 _build/core/printf.c.o
 .debug_str     0x0009c962    0x7ce76 _build/core/radio.c.o
 .debug_str     0x0009c962    0x97e9a _build/core/i2c.c.o
 .debug_str     0x0009c962    0x7a2e3 _build/core/max20361.c.o
 .debug_str     0x0009c962    0x97575 _build/core/timing.c.o
 .debug_str     0x0009c962    0x876d5 _build/core/gpio.c.o
 .debug_str     0x0009c962    0x84660 _build/core/uart.c.o
 .debug_str     0x0009c962    0x97ac5 _build/core/spic.c.o
 .debug_str     0x0009c962    0x97f7a _build/core/runtime.c.o
 .debug_str     0x0009c962    0x84bfd _build/core/nvm.c.o
 .debug_str     0x0009c962    0x84e15 _build/core/adc.c.o
 .debug_str     0x0009c962    0x97c92 _build/core/stella.c.o
 .debug_str     0x0009c962    0x1007b _build/external/freertos/list.c.o
 .debug_str     0x0009c962    0x138ce _build/external/freertos/tasks.c.o
 .debug_str     0x0009c962     0xf061 _build/external/freertos/portable/GCC/ARM_CM4F/port.c.o

.debug_frame    0x00000000     0x1660
 .debug_frame   0x00000000       0x80 _build/./src/main.c.o
 .debug_frame   0x00000080       0x54 _build/core/startup.c.o
 .debug_frame   0x000000d4       0x4c _build/core/thresholds.c.o
 .debug_frame   0x00000120      0x1b4 _build/core/printf.c.o
 .debug_frame   0x000002d4       0x8c _build/core/radio.c.o
 .debug_frame   0x00000360      0x124 _build/core/i2c.c.o
 .debug_frame   0x00000484       0x4c _build/core/max20361.c.o
 .debug_frame   0x000004d0       0xf8 _build/core/timing.c.o
 .debug_frame   0x000005c8       0xec _build/core/gpio.c.o
 .debug_frame   0x000006b4       0x58 _build/core/uart.c.o
 .debug_frame   0x0000070c       0xc0 _build/core/spic.c.o
 .debug_frame   0x000007cc      0x184 _build/core/runtime.c.o
 .debug_frame   0x00000950      0x10c _build/core/nvm.c.o
 .debug_frame   0x00000a5c       0xd0 _build/core/adc.c.o
 .debug_frame   0x00000b2c      0x178 _build/core/stella.c.o
 .debug_frame   0x00000ca4       0x88 _build/external/freertos/list.c.o
 .debug_frame   0x00000d2c      0x57c _build/external/freertos/tasks.c.o
 .debug_frame   0x000012a8       0xfc _build/external/freertos/portable/GCC/ARM_CM4F/port.c.o
 .debug_frame   0x000013a4       0x30 C:/Program Files (x86)/Arm GNU Toolchain arm-none-eabi/14.2/bin/../lib/gcc/arm-none-eabi/14.2.1/thumb/v7e-m+fp/hard\libgcc.a(_arm_muldf3.o)
 .debug_frame   0x000013d4       0xac C:/Program Files (x86)/Arm GNU Toolchain arm-none-eabi/14.2/bin/../lib/gcc/arm-none-eabi/14.2.1/thumb/v7e-m+fp/hard\libgcc.a(_arm_addsubdf3.o)
 .debug_frame   0x00001480       0xc4 C:/Program Files (x86)/Arm GNU Toolchain arm-none-eabi/14.2/bin/../lib/gcc/arm-none-eabi/14.2.1/thumb/v7e-m+fp/hard\libgcc.a(_arm_cmpdf2.o)
 .debug_frame   0x00001544       0x24 C:/Program Files (x86)/Arm GNU Toolchain arm-none-eabi/14.2/bin/../lib/gcc/arm-none-eabi/14.2.1/thumb/v7e-m+fp/hard\libgcc.a(_arm_fixdfsi.o)
 .debug_frame   0x00001568       0x24 C:/Program Files (x86)/Arm GNU Toolchain arm-none-eabi/14.2/bin/../lib/gcc/arm-none-eabi/14.2.1/thumb/v7e-m+fp/hard\libgcc.a(_arm_fixunsdfsi.o)
 .debug_frame   0x0000158c       0x2c C:/Program Files (x86)/Arm GNU Toolchain arm-none-eabi/14.2/bin/../lib/gcc/arm-none-eabi/14.2.1/thumb/v7e-m+fp/hard\libgcc.a(_aeabi_uldivmod.o)
 .debug_frame   0x000015b8       0x34 C:/Program Files (x86)/Arm GNU Toolchain arm-none-eabi/14.2/bin/../lib/gcc/arm-none-eabi/14.2.1/thumb/v7e-m+fp/hard\libgcc.a(_udivmoddi4.o)
 .debug_frame   0x000015ec       0x20 C:/Program Files (x86)/Arm GNU Toolchain arm-none-eabi/14.2/bin/../lib/gcc/arm-none-eabi/14.2.1/thumb/v7e-m+fp/hard\libg_nano.a(libc_a-memset.o)
 .debug_frame   0x0000160c       0x2c C:/Program Files (x86)/Arm GNU Toolchain arm-none-eabi/14.2/bin/../lib/gcc/arm-none-eabi/14.2.1/thumb/v7e-m+fp/hard\libg_nano.a(libc_a-init.o)
 .debug_frame   0x00001638       0x28 C:/Program Files (x86)/Arm GNU Toolchain arm-none-eabi/14.2/bin/../lib/gcc/arm-none-eabi/14.2.1/thumb/v7e-m+fp/hard\libg_nano.a(libc_a-memcpy-stub.o)

.debug_line_str
                0x00000000       0xe6
 .debug_line_str
                0x00000000       0xe6 C:/Program Files (x86)/Arm GNU Toolchain arm-none-eabi/14.2/bin/../lib/gcc/arm-none-eabi/14.2.1/thumb/v7e-m+fp/hard\libgcc.a(_arm_muldf3.o)
                                 0xd2 (size before relaxing)
 .debug_line_str
                0x000000e6       0xd2 C:/Program Files (x86)/Arm GNU Toolchain arm-none-eabi/14.2/bin/../lib/gcc/arm-none-eabi/14.2.1/thumb/v7e-m+fp/hard\libgcc.a(_arm_addsubdf3.o)
 .debug_line_str
                0x000000e6       0xd2 C:/Program Files (x86)/Arm GNU Toolchain arm-none-eabi/14.2/bin/../lib/gcc/arm-none-eabi/14.2.1/thumb/v7e-m+fp/hard\libgcc.a(_arm_cmpdf2.o)
 .debug_line_str
                0x000000e6       0xd2 C:/Program Files (x86)/Arm GNU Toolchain arm-none-eabi/14.2/bin/../lib/gcc/arm-none-eabi/14.2.1/thumb/v7e-m+fp/hard\libgcc.a(_arm_fixdfsi.o)
 .debug_line_str
                0x000000e6       0xd2 C:/Program Files (x86)/Arm GNU Toolchain arm-none-eabi/14.2/bin/../lib/gcc/arm-none-eabi/14.2.1/thumb/v7e-m+fp/hard\libgcc.a(_arm_fixunsdfsi.o)
 .debug_line_str
                0x000000e6       0xcd C:/Program Files (x86)/Arm GNU Toolchain arm-none-eabi/14.2/bin/../lib/gcc/arm-none-eabi/14.2.1/thumb/v7e-m+fp/hard\libgcc.a(_aeabi_uldivmod.o)
 .debug_line_str
                0x000000e6       0xd1 C:/Program Files (x86)/Arm GNU Toolchain arm-none-eabi/14.2/bin/../lib/gcc/arm-none-eabi/14.2.1/thumb/v7e-m+fp/hard\libgcc.a(_dvmd_tls.o)
